[2m18:10:37[22m [31m[1m[vite][22m[39m [31mInternal server error: C:\Users\DELL\OneDrive - STHIC\Documents\MOT-X OS\motx-frontend\src\App.jsx: Unterminated JSX contents. (475:10)

[0m [90m 473 |[31m         [33m/[31m[33m>[31m
 [90m 474 |[31m       [33m<[31m[33m/[31m[33mmain[31m[33m>[31m
[31m[1m>[22m[31m[90m 475 |[31m     [33m<[31m[33m/[31m[33mdiv[31m[33m>[31m
 [90m     |[31m           [31m[1m^[22m[31m
 [90m 476 |[31m   )[33m;[31m
 [90m 477 |[31m }
 [90m 478 |[31m[0m[39m
  Plugin: [35mvite:react-babel[39m
  File: [36mC:/Users/DELL/OneDrive - STHIC/Documents/MOT-X OS/motx-frontend/src/App.jsx[39m:475:10
[33m  473|          />
  474|        </main>
  475|      </div>
     |            ^
  476|    );
  477|  }[39m
      at constructor (C:\Users\DELL\OneDrive - STHIC\Documents\MOT-X OS\motx-frontend\node_modules\@babel\parser\lib\index.js:365:19)
      at JSXParserMixin.raise (C:\Users\DELL\OneDrive - STHIC\Documents\MOT-X OS\motx-frontend\node_modules\@babel\parser\lib\index.js:6616:19)
      at JSXParserMixin.jsxReadToken (C:\Users\DELL\OneDrive - STHIC\Documents\MOT-X OS\motx-frontend\node_modules\@babel\parser\lib\index.js:4460:20)
      at JSXParserMixin.getTokenFromCode (C:\Users\DELL\OneDrive - STHIC\Documents\MOT-X OS\motx-frontend\node_modules\@babel\parser\lib\index.js:4786:12)
      at JSXParserMixin.nextToken (C:\Users\DELL\OneDrive - STHIC\Documents\MOT-X OS\motx-frontend\node_modules\@babel\parser\lib\index.js:5799:10)
      at JSXParserMixin.next (C:\Users\DELL\OneDrive - STHIC\Documents\MOT-X OS\motx-frontend\node_modules\@babel\parser\lib\index.js:5709:10)
      at JSXParserMixin.eat (C:\Users\DELL\OneDrive - STHIC\Documents\MOT-X OS\motx-frontend\node_modules\@babel\parser\lib\index.js:5713:12)
      at JSXParserMixin.expect (C:\Users\DELL\OneDrive - STHIC\Documents\MOT-X OS\motx-frontend\node_modules\@babel\parser\lib\index.js:6915:15)
      at JSXParserMixin.jsxParseClosingElementAt (C:\Users\DELL\OneDrive - STHIC\Documents\MOT-X OS\motx-frontend\node_modules\@babel\parser\lib\index.js:4692:10)
      at JSXParserMixin.jsxParseElementAt (C:\Users\DELL\OneDrive - STHIC\Documents\MOT-X OS\motx-frontend\node_modules\@babel\parser\lib\index.js:4707:37)
      at JSXParserMixin.jsxParseElementAt (C:\Users\DELL\OneDrive - STHIC\Documents\MOT-X OS\motx-frontend\node_modules\@babel\parser\lib\index.js:4710:32)
      at JSXParserMixin.jsxParseElement (C:\Users\DELL\OneDrive - STHIC\Documents\MOT-X OS\motx-frontend\node_modules\@babel\parser\lib\index.js:4761:17)
      at JSXParserMixin.parseExprAtom (C:\Users\DELL\OneDrive - STHIC\Documents\MOT-X OS\motx-frontend\node_modules\@babel\parser\lib\index.js:4771:19)
      at JSXParserMixin.parseExprSubscripts (C:\Users\DELL\OneDrive - STHIC\Documents\MOT-X OS\motx-frontend\node_modules\@babel\parser\lib\index.js:11098:23)
      at JSXParserMixin.parseUpdate (C:\Users\DELL\OneDrive - STHIC\Documents\MOT-X OS\motx-frontend\node_modules\@babel\parser\lib\index.js:11083:21)
      at JSXParserMixin.parseMaybeUnary (C:\Users\DELL\OneDrive - STHIC\Documents\MOT-X OS\motx-frontend\node_modules\@babel\parser\lib\index.js:11063:23)
      at JSXParserMixin.parseMaybeUnaryOrPrivate (C:\Users\DELL\OneDrive - STHIC\Documents\MOT-X OS\motx-frontend\node_modules\@babel\parser\lib\index.js:10916:61)
      at JSXParserMixin.parseExprOps (C:\Users\DELL\OneDrive - STHIC\Documents\MOT-X OS\motx-frontend\node_modules\@babel\parser\lib\index.js:10921:23)
      at JSXParserMixin.parseMaybeConditional (C:\Users\DELL\OneDrive - STHIC\Documents\MOT-X OS\motx-frontend\node_modules\@babel\parser\lib\index.js:10898:23)
      at JSXParserMixin.parseMaybeAssign (C:\Users\DELL\OneDrive - STHIC\Documents\MOT-X OS\motx-frontend\node_modules\@babel\parser\lib\index.js:10848:21)
      at C:\Users\DELL\OneDrive - STHIC\Documents\MOT-X OS\motx-frontend\node_modules\@babel\parser\lib\index.js:10817:39
      at JSXParserMixin.allowInAnd (C:\Users\DELL\OneDrive - STHIC\Documents\MOT-X OS\motx-frontend\node_modules\@babel\parser\lib\index.js:12443:12)
      at JSXParserMixin.parseMaybeAssignAllowIn (C:\Users\DELL\OneDrive - STHIC\Documents\MOT-X OS\motx-frontend\node_modules\@babel\parser\lib\index.js:10817:17)
      at JSXParserMixin.parseMaybeAssignAllowInOrVoidPattern (C:\Users\DELL\OneDrive - STHIC\Documents\MOT-X OS\motx-frontend\node_modules\@babel\parser\lib\index.js:12510:17)
      at JSXParserMixin.parseParenAndDistinguishExpression (C:\Users\DELL\OneDrive - STHIC\Documents\MOT-X OS\motx-frontend\node_modules\@babel\parser\lib\index.js:11692:28)
      at JSXParserMixin.parseExprAtom (C:\Users\DELL\OneDrive - STHIC\Documents\MOT-X OS\motx-frontend\node_modules\@babel\parser\lib\index.js:11348:23)
      at JSXParserMixin.parseExprAtom (C:\Users\DELL\OneDrive - STHIC\Documents\MOT-X OS\motx-frontend\node_modules\@babel\parser\lib\index.js:4776:20)
      at JSXParserMixin.parseExprSubscripts (C:\Users\DELL\OneDrive - STHIC\Documents\MOT-X OS\motx-frontend\node_modules\@babel\parser\lib\index.js:11098:23)
      at JSXParserMixin.parseUpdate (C:\Users\DELL\OneDrive - STHIC\Documents\MOT-X OS\motx-frontend\node_modules\@babel\parser\lib\index.js:11083:21)
      at JSXParserMixin.parseMaybeUnary (C:\Users\DELL\OneDrive - STHIC\Documents\MOT-X OS\motx-frontend\node_modules\@babel\parser\lib\index.js:11063:23)
      at JSXParserMixin.parseMaybeUnaryOrPrivate (C:\Users\DELL\OneDrive - STHIC\Documents\MOT-X OS\motx-frontend\node_modules\@babel\parser\lib\index.js:10916:61)
      at JSXParserMixin.parseExprOps (C:\Users\DELL\OneDrive - STHIC\Documents\MOT-X OS\motx-frontend\node_modules\@babel\parser\lib\index.js:10921:23)
      at JSXParserMixin.parseMaybeConditional (C:\Users\DELL\OneDrive - STHIC\Documents\MOT-X OS\motx-frontend\node_modules\@babel\parser\lib\index.js:10898:23)
      at JSXParserMixin.parseMaybeAssign (C:\Users\DELL\OneDrive - STHIC\Documents\MOT-X OS\motx-frontend\node_modules\@babel\parser\lib\index.js:10848:21)
      at JSXParserMixin.parseExpressionBase (C:\Users\DELL\OneDrive - STHIC\Documents\MOT-X OS\motx-frontend\node_modules\@babel\parser\lib\index.js:10801:23)
      at C:\Users\DELL\OneDrive - STHIC\Documents\MOT-X OS\motx-frontend\node_modules\@babel\parser\lib\index.js:10797:39
      at JSXParserMixin.allowInAnd (C:\Users\DELL\OneDrive - STHIC\Documents\MOT-X OS\motx-frontend\node_modules\@babel\parser\lib\index.js:12438:16)
      at JSXParserMixin.parseExpression (C:\Users\DELL\OneDrive - STHIC\Documents\MOT-X OS\motx-frontend\node_modules\@babel\parser\lib\index.js:10797:17)
      at JSXParserMixin.parseReturnStatement (C:\Users\DELL\OneDrive - STHIC\Documents\MOT-X OS\motx-frontend\node_modules\@babel\parser\lib\index.js:13159:28)
      at JSXParserMixin.parseStatementContent (C:\Users\DELL\OneDrive - STHIC\Documents\MOT-X OS\motx-frontend\node_modules\@babel\parser\lib\index.js:12815:21)
      at JSXParserMixin.parseStatementLike (C:\Users\DELL\OneDrive - STHIC\Documents\MOT-X OS\motx-frontend\node_modules\@babel\parser\lib\index.js:12784:17)
      at JSXParserMixin.parseStatementListItem (C:\Users\DELL\OneDrive - STHIC\Documents\MOT-X OS\motx-frontend\node_modules\@babel\parser\lib\index.js:12764:17)
      at JSXParserMixin.parseBlockOrModuleBlockBody (C:\Users\DELL\OneDrive - STHIC\Documents\MOT-X OS\motx-frontend\node_modules\@babel\parser\lib\index.js:13333:61)
      at JSXParserMixin.parseBlockBody (C:\Users\DELL\OneDrive - STHIC\Documents\MOT-X OS\motx-frontend\node_modules\@babel\parser\lib\index.js:13326:10)
      at JSXParserMixin.parseBlock (C:\Users\DELL\OneDrive - STHIC\Documents\MOT-X OS\motx-frontend\node_modules\@babel\parser\lib\index.js:13314:10)
      at JSXParserMixin.parseFunctionBody (C:\Users\DELL\OneDrive - STHIC\Documents\MOT-X OS\motx-frontend\node_modules\@babel\parser\lib\index.js:12117:24)
      at JSXParserMixin.parseFunctionBodyAndFinish (C:\Users\DELL\OneDrive - STHIC\Documents\MOT-X OS\motx-frontend\node_modules\@babel\parser\lib\index.js:12103:10)
      at C:\Users\DELL\OneDrive - STHIC\Documents\MOT-X OS\motx-frontend\node_modules\@babel\parser\lib\index.js:13462:12
      at JSXParserMixin.withSmartMixTopicForbiddingContext (C:\Users\DELL\OneDrive - STHIC\Documents\MOT-X OS\motx-frontend\node_modules\@babel\parser\lib\index.js:12420:14)
      at JSXParserMixin.parseFunction (C:\Users\DELL\OneDrive - STHIC\Documents\MOT-X OS\motx-frontend\node_modules\@babel\parser\lib\index.js:13461:10)
[2m18:10:37[22m [31m[1m[vite][22m[39m [31mInternal server error: C:\Users\DELL\OneDrive - STHIC\Documents\MOT-X OS\motx-frontend\src\App.jsx: Unterminated JSX contents. (475:10)

[0m [90m 473 |[31m         [33m/[31m[33m>[31m
 [90m 474 |[31m       [33m<[31m[33m/[31m[33mmain[31m[33m>[31m
[31m[1m>[22m[31m[90m 475 |[31m     [33m<[31m[33m/[31m[33mdiv[31m[33m>[31m
 [90m     |[31m           [31m[1m^[22m[31m
 [90m 476 |[31m   )[33m;[31m
 [90m 477 |[31m }
 [90m 478 |[31m[0m[39m
  Plugin: [35mvite:react-babel[39m
  File: [36mC:/Users/DELL/OneDrive - STHIC/Documents/MOT-X OS/motx-frontend/src/App.jsx[39m:475:10
[33m  473|          />
  474|        </main>
  475|      </div>
     |            ^
  476|    );
  477|  }[39m
      at constructor (C:\Users\DELL\OneDrive - STHIC\Documents\MOT-X OS\motx-frontend\node_modules\@babel\parser\lib\index.js:365:19)
      at JSXParserMixin.raise (C:\Users\DELL\OneDrive - STHIC\Documents\MOT-X OS\motx-frontend\node_modules\@babel\parser\lib\index.js:6616:19)
      at JSXParserMixin.jsxReadToken (C:\Users\DELL\OneDrive - STHIC\Documents\MOT-X OS\motx-frontend\node_modules\@babel\parser\lib\index.js:4460:20)
      at JSXParserMixin.getTokenFromCode (C:\Users\DELL\OneDrive - STHIC\Documents\MOT-X OS\motx-frontend\node_modules\@babel\parser\lib\index.js:4786:12)
      at JSXParserMixin.nextToken (C:\Users\DELL\OneDrive - STHIC\Documents\MOT-X OS\motx-frontend\node_modules\@babel\parser\lib\index.js:5799:10)
      at JSXParserMixin.next (C:\Users\DELL\OneDrive - STHIC\Documents\MOT-X OS\motx-frontend\node_modules\@babel\parser\lib\index.js:5709:10)
      at JSXParserMixin.eat (C:\Users\DELL\OneDrive - STHIC\Documents\MOT-X OS\motx-frontend\node_modules\@babel\parser\lib\index.js:5713:12)
      at JSXParserMixin.expect (C:\Users\DELL\OneDrive - STHIC\Documents\MOT-X OS\motx-frontend\node_modules\@babel\parser\lib\index.js:6915:15)
      at JSXParserMixin.jsxParseClosingElementAt (C:\Users\DELL\OneDrive - STHIC\Documents\MOT-X OS\motx-frontend\node_modules\@babel\parser\lib\index.js:4692:10)
      at JSXParserMixin.jsxParseElementAt (C:\Users\DELL\OneDrive - STHIC\Documents\MOT-X OS\motx-frontend\node_modules\@babel\parser\lib\index.js:4707:37)
      at JSXParserMixin.jsxParseElementAt (C:\Users\DELL\OneDrive - STHIC\Documents\MOT-X OS\motx-frontend\node_modules\@babel\parser\lib\index.js:4710:32)
      at JSXParserMixin.jsxParseElement (C:\Users\DELL\OneDrive - STHIC\Documents\MOT-X OS\motx-frontend\node_modules\@babel\parser\lib\index.js:4761:17)
      at JSXParserMixin.parseExprAtom (C:\Users\DELL\OneDrive - STHIC\Documents\MOT-X OS\motx-frontend\node_modules\@babel\parser\lib\index.js:4771:19)
      at JSXParserMixin.parseExprSubscripts (C:\Users\DELL\OneDrive - STHIC\Documents\MOT-X OS\motx-frontend\node_modules\@babel\parser\lib\index.js:11098:23)
      at JSXParserMixin.parseUpdate (C:\Users\DELL\OneDrive - STHIC\Documents\MOT-X OS\motx-frontend\node_modules\@babel\parser\lib\index.js:11083:21)
      at JSXParserMixin.parseMaybeUnary (C:\Users\DELL\OneDrive - STHIC\Documents\MOT-X OS\motx-frontend\node_modules\@babel\parser\lib\index.js:11063:23)
      at JSXParserMixin.parseMaybeUnaryOrPrivate (C:\Users\DELL\OneDrive - STHIC\Documents\MOT-X OS\motx-frontend\node_modules\@babel\parser\lib\index.js:10916:61)
      at JSXParserMixin.parseExprOps (C:\Users\DELL\OneDrive - STHIC\Documents\MOT-X OS\motx-frontend\node_modules\@babel\parser\lib\index.js:10921:23)
      at JSXParserMixin.parseMaybeConditional (C:\Users\DELL\OneDrive - STHIC\Documents\MOT-X OS\motx-frontend\node_modules\@babel\parser\lib\index.js:10898:23)
      at JSXParserMixin.parseMaybeAssign (C:\Users\DELL\OneDrive - STHIC\Documents\MOT-X OS\motx-frontend\node_modules\@babel\parser\lib\index.js:10848:21)
      at C:\Users\DELL\OneDrive - STHIC\Documents\MOT-X OS\motx-frontend\node_modules\@babel\parser\lib\index.js:10817:39
      at JSXParserMixin.allowInAnd (C:\Users\DELL\OneDrive - STHIC\Documents\MOT-X OS\motx-frontend\node_modules\@babel\parser\lib\index.js:12443:12)
      at JSXParserMixin.parseMaybeAssignAllowIn (C:\Users\DELL\OneDrive - STHIC\Documents\MOT-X OS\motx-frontend\node_modules\@babel\parser\lib\index.js:10817:17)
      at JSXParserMixin.parseMaybeAssignAllowInOrVoidPattern (C:\Users\DELL\OneDrive - STHIC\Documents\MOT-X OS\motx-frontend\node_modules\@babel\parser\lib\index.js:12510:17)
      at JSXParserMixin.parseParenAndDistinguishExpression (C:\Users\DELL\OneDrive - STHIC\Documents\MOT-X OS\motx-frontend\node_modules\@babel\parser\lib\index.js:11692:28)
      at JSXParserMixin.parseExprAtom (C:\Users\DELL\OneDrive - STHIC\Documents\MOT-X OS\motx-frontend\node_modules\@babel\parser\lib\index.js:11348:23)
      at JSXParserMixin.parseExprAtom (C:\Users\DELL\OneDrive - STHIC\Documents\MOT-X OS\motx-frontend\node_modules\@babel\parser\lib\index.js:4776:20)
      at JSXParserMixin.parseExprSubscripts (C:\Users\DELL\OneDrive - STHIC\Documents\MOT-X OS\motx-frontend\node_modules\@babel\parser\lib\index.js:11098:23)
      at JSXParserMixin.parseUpdate (C:\Users\DELL\OneDrive - STHIC\Documents\MOT-X OS\motx-frontend\node_modules\@babel\parser\lib\index.js:11083:21)
      at JSXParserMixin.parseMaybeUnary (C:\Users\DELL\OneDrive - STHIC\Documents\MOT-X OS\motx-frontend\node_modules\@babel\parser\lib\index.js:11063:23)
      at JSXParserMixin.parseMaybeUnaryOrPrivate (C:\Users\DELL\OneDrive - STHIC\Documents\MOT-X OS\motx-frontend\node_modules\@babel\parser\lib\index.js:10916:61)
      at JSXParserMixin.parseExprOps (C:\Users\DELL\OneDrive - STHIC\Documents\MOT-X OS\motx-frontend\node_modules\@babel\parser\lib\index.js:10921:23)
      at JSXParserMixin.parseMaybeConditional (C:\Users\DELL\OneDrive - STHIC\Documents\MOT-X OS\motx-frontend\node_modules\@babel\parser\lib\index.js:10898:23)
      at JSXParserMixin.parseMaybeAssign (C:\Users\DELL\OneDrive - STHIC\Documents\MOT-X OS\motx-frontend\node_modules\@babel\parser\lib\index.js:10848:21)
      at JSXParserMixin.parseExpressionBase (C:\Users\DELL\OneDrive - STHIC\Documents\MOT-X OS\motx-frontend\node_modules\@babel\parser\lib\index.js:10801:23)
      at C:\Users\DELL\OneDrive - STHIC\Documents\MOT-X OS\motx-frontend\node_modules\@babel\parser\lib\index.js:10797:39
      at JSXParserMixin.allowInAnd (C:\Users\DELL\OneDrive - STHIC\Documents\MOT-X OS\motx-frontend\node_modules\@babel\parser\lib\index.js:12438:16)
      at JSXParserMixin.parseExpression (C:\Users\DELL\OneDrive - STHIC\Documents\MOT-X OS\motx-frontend\node_modules\@babel\parser\lib\index.js:10797:17)
      at JSXParserMixin.parseReturnStatement (C:\Users\DELL\OneDrive - STHIC\Documents\MOT-X OS\motx-frontend\node_modules\@babel\parser\lib\index.js:13159:28)
      at JSXParserMixin.parseStatementContent (C:\Users\DELL\OneDrive - STHIC\Documents\MOT-X OS\motx-frontend\node_modules\@babel\parser\lib\index.js:12815:21)
      at JSXParserMixin.parseStatementLike (C:\Users\DELL\OneDrive - STHIC\Documents\MOT-X OS\motx-frontend\node_modules\@babel\parser\lib\index.js:12784:17)
      at JSXParserMixin.parseStatementListItem (C:\Users\DELL\OneDrive - STHIC\Documents\MOT-X OS\motx-frontend\node_modules\@babel\parser\lib\index.js:12764:17)
      at JSXParserMixin.parseBlockOrModuleBlockBody (C:\Users\DELL\OneDrive - STHIC\Documents\MOT-X OS\motx-frontend\node_modules\@babel\parser\lib\index.js:13333:61)
      at JSXParserMixin.parseBlockBody (C:\Users\DELL\OneDrive - STHIC\Documents\MOT-X OS\motx-frontend\node_modules\@babel\parser\lib\index.js:13326:10)
      at JSXParserMixin.parseBlock (C:\Users\DELL\OneDrive - STHIC\Documents\MOT-X OS\motx-frontend\node_modules\@babel\parser\lib\index.js:13314:10)
      at JSXParserMixin.parseFunctionBody (C:\Users\DELL\OneDrive - STHIC\Documents\MOT-X OS\motx-frontend\node_modules\@babel\parser\lib\index.js:12117:24)
      at JSXParserMixin.parseFunctionBodyAndFinish (C:\Users\DELL\OneDrive - STHIC\Documents\MOT-X OS\motx-frontend\node_modules\@babel\parser\lib\index.js:12103:10)
      at C:\Users\DELL\OneDrive - STHIC\Documents\MOT-X OS\motx-frontend\node_modules\@babel\parser\lib\index.js:13462:12
      at JSXParserMixin.withSmartMixTopicForbiddingContext (C:\Users\DELL\OneDrive - STHIC\Documents\MOT-X OS\motx-frontend\node_modules\@babel\parser\lib\index.js:12420:14)
      at JSXParserMixin.parseFunction (C:\Users\DELL\OneDrive - STHIC\Documents\MOT-X OS\motx-frontend\node_modules\@babel\parser\lib\index.js:13461:10)
^C